%!Adobe-FontList 1.16
%Locale:0x413

%BeginFont
Handler:DirectoryHandler
FontType:Type1
FontName:MinionPro-Regular
FamilyName:Minion Pro
StyleName:Regular
FullName:Minion Pro
MenuName:Minion Pro
StyleBits:0
WritingScript:Roman
OutlineFileName:D:\Websites\18 Calcsoft\02 Design\03 Ontwerpen\02 Ontwerpen\Calcsoft Design V3 map\Document fonts\MinionPro-Regular.otf
DataFormat:sfntData
UsesStandardEncoding:yes
isCFF:yes
FileLength:218640
FileModTime:1461355589
WeightClass:400
WidthClass:5
AngleClass:0
DesignSize:110
NameArray:0,Mac,4,Minion Pro
NameArray:0,Win,1,Minion Pro
%EndFont

%BeginFont
Handler:DirectoryHandler
FontType:TrueType
FontName:OpenSans-Bold
FamilyName:Open Sans
StyleName:Bold
FullName:Open Sans Bold
MenuName:Open Sans
StyleBits:2
WritingScript:Roman
OutlineFileName:D:\Websites\18 Calcsoft\02 Design\03 Ontwerpen\02 Ontwerpen\Calcsoft Design V3 map\Document fonts\OpenSans-Bold.ttf
DataFormat:sfntData
FileLength:224592
FileModTime:1461355589
WeightClass:700
WidthClass:5
AngleClass:0
NameArray:0,Mac,4,Open Sans Bold
NameArray:0,Win,1,Open Sans
%EndFont

%BeginFont
Handler:DirectoryHandler
FontType:TrueType
FontName:OpenSans
FamilyName:Open Sans
StyleName:Regular
FullName:Open Sans
MenuName:Open Sans
StyleBits:0
WritingScript:Roman
OutlineFileName:D:\Websites\18 Calcsoft\02 Design\03 Ontwerpen\02 Ontwerpen\Calcsoft Design V3 map\Document fonts\OpenSans-Regular.ttf
DataFormat:sfntData
FileLength:217360
FileModTime:1461355589
WeightClass:400
WidthClass:5
AngleClass:0
NameArray:0,Mac,4,Open Sans
NameArray:0,Win,1,Open Sans
%EndFont

%BeginFont
Handler:DirectoryHandler
FontType:TrueType
FontName:OpenSans-Semibold
FamilyName:Open Sans
StyleName:Semibold
FullName:Open Sans Semibold
MenuName:Open Sans Semibold
StyleBits:0
WritingScript:Roman
OutlineFileName:D:\Websites\18 Calcsoft\02 Design\03 Ontwerpen\02 Ontwerpen\Calcsoft Design V3 map\Document fonts\OpenSans-Semibold.ttf
DataFormat:sfntData
FileLength:221328
FileModTime:1461355589
WeightClass:600
WidthClass:5
AngleClass:0
NameArray:0,Mac,4,Open Sans Semibold
NameArray:0,Win,1,Open Sans Semibold
NameArray:0,Win,16,Open Sans
%EndFont

%BeginFont
Handler:DirectoryHandler
FontType:TrueType
FontName:SourceSansPro-Bold
FamilyName:Source Sans Pro
StyleName:Bold
FullName:Source Sans Pro Bold
MenuName:Source Sans Pro
StyleBits:2
WritingScript:Roman
OutlineFileName:D:\Websites\18 Calcsoft\02 Design\03 Ontwerpen\02 Ontwerpen\Calcsoft Design V3 map\Document fonts\SourceSansPro-Bold.ttf
DataFormat:sfntData
FileLength:148932
FileModTime:1461355589
WeightClass:700
WidthClass:5
AngleClass:0
DesignSize:100
NameArray:0,Mac,4,Source Sans Pro Bold
NameArray:0,Win,1,Source Sans Pro
%EndFont

